
Memory Configuration

Name             Origin             Length             Attributes
flash            0x08000000         0x00020000         xr
sram             0x20000000         0x00005000         xrw
*default*        0x00000000         0xffffffff

Linker script and memory map


.text           0x08000000      0x17c
 *(.vectors*)
 .vectors       0x08000000       0x50 startup.o
 .vectors       0x08000050       0x50 startup.o
 *(.text*)
 .text          0x080000a0       0xcc main.o
                0x080000a0                NMI_Handler
                0x080000ac                H_fault_Handler
                0x080000b8                main
 .text          0x0800016c        0x8 startup.o
 .text          0x08000174        0x8 startup.o
 *(.rodata)
                0x0800017c                _E_TEXT = .

.glue_7         0x0800017c        0x0
 .glue_7        0x00000000        0x0 linker stubs

.glue_7t        0x0800017c        0x0
 .glue_7t       0x00000000        0x0 linker stubs

.vfp11_veneer   0x0800017c        0x0
 .vfp11_veneer  0x00000000        0x0 linker stubs

.v4_bx          0x0800017c        0x0
 .v4_bx         0x00000000        0x0 linker stubs

.iplt           0x0800017c        0x0
 .iplt          0x00000000        0x0 main.o

.rel.dyn        0x0800017c        0x0
 .rel.iplt      0x00000000        0x0 main.o

.data           0x20000000        0x0 load address 0x0800017c
                0x20000000                _S_DATA = .
 *(.data)
 .data          0x20000000        0x0 main.o
 .data          0x20000000        0x0 startup.o
 .data          0x20000000        0x0 startup.o
                0x20000000                _E_DATA = .

.igot.plt       0x20000000        0x0 load address 0x0800017c
 .igot.plt      0x00000000        0x0 main.o

.bss            0x20000000     0x1000 load address 0x0800017c
                0x20000000                _S_BSS = .
 *(.bss)
 .bss           0x20000000        0x0 main.o
 .bss           0x20000000        0x0 startup.o
 .bss           0x20000000        0x0 startup.o
                0x20000000                _E_BSS = .
                0x20001000                . = (. + 0x1000)
 *fill*         0x20000000     0x1000 
                0x20001000                _stack_top = .
LOAD main.o
LOAD startup.o
LOAD startup.o
OUTPUT(learn-in-depth-cortex-m3.elf elf32-littlearm)

.debug_info     0x00000000      0x1b6
 .debug_info    0x00000000       0xd8 main.o
 .debug_info    0x000000d8       0x6f startup.o
 .debug_info    0x00000147       0x6f startup.o

.debug_abbrev   0x00000000       0xa0
 .debug_abbrev  0x00000000       0x78 main.o
 .debug_abbrev  0x00000078       0x14 startup.o
 .debug_abbrev  0x0000008c       0x14 startup.o

.debug_loc      0x00000000       0x90
 .debug_loc     0x00000000       0x90 main.o

.debug_aranges  0x00000000       0x60
 .debug_aranges
                0x00000000       0x20 main.o
 .debug_aranges
                0x00000020       0x20 startup.o
 .debug_aranges
                0x00000040       0x20 startup.o

.debug_line     0x00000000      0x115
 .debug_line    0x00000000       0x9f main.o
 .debug_line    0x0000009f       0x3b startup.o
 .debug_line    0x000000da       0x3b startup.o

.debug_str      0x00000000       0xd3
 .debug_str     0x00000000       0xd3 main.o
                                0x10c (size before relaxing)

.comment        0x00000000       0x11
 .comment       0x00000000       0x11 main.o
                                 0x12 (size before relaxing)

.ARM.attributes
                0x00000000       0x31
 .ARM.attributes
                0x00000000       0x33 main.o
 .ARM.attributes
                0x00000033       0x21 startup.o
 .ARM.attributes
                0x00000054       0x21 startup.o

.debug_frame    0x00000000       0x5c
 .debug_frame   0x00000000       0x5c main.o
